// Jest Snapshot v1, https://goo.gl/fbAQLP

exports[`Testing data spread in file replaces requested strings 1`] = `
Array [
  Object {
    "isFound": true,
    "match": Array [
      "hi guys!",
    ],
    "reg": /hi guys!/g,
  },
  Object {
    "isFound": true,
    "match": Array [
      "what is up",
    ],
    "reg": /what is up\\?/,
  },
  Object {
    "isFound": true,
    "match": Array [
      "is everything ok",
    ],
    "reg": "is everything ok?",
  },
  Object {
    "isFound": true,
    "match": Array [
      "good, glad to here that from you",
    ],
    "reg": "good, glad to here that from you",
  },
  Object {
    "isFound": true,
    "match": Array [
      "dont worry",
    ],
    "reg": /dont worry/,
  },
  Object {
    "isFound": true,
    "match": Array [
      "this test",
    ],
    "reg": "this test",
  },
  Object {
    "isFound": true,
    "match": Array [
      "cannot be last forever",
    ],
    "reg": "cannot be last forever",
  },
  Object {
    "isFound": true,
    "match": Array [
      "right",
    ],
    "reg": /right\\?/,
  },
  Object {
    "isFound": false,
    "match": null,
    "reg": /what!!/gi,
  },
]
`;
